[A SIMPLE TEST WITH COMMENTS]

var=hello                                    
var2 = hello 
var3=

abcd



[ROUTE]

var=1234

a

line=line

123456


