value=12345
name=

notacomment=
key1=value1
key2=some value 

key3=val
key4=val";"ue4
key5="val;ue5" 
